// Jest Snapshot v1, https://goo.gl/fbAQLP

exports[`testing Dashboard page 1`] = `
<div>
  Some content
</div>
`;
