// Jest Snapshot v1, https://goo.gl/fbAQLP

exports[`test to render Header 1`] = `
<header>
  <div
    className="content-container"
  >
    <div
      className="header__content"
    >
      <Link
        replace={false}
        to="/dashboard"
      >
        <h1>
          Boilerplate
        </h1>
      </Link>
      <button
        className="btn-blue"
        onClick={[Function]}
        type="button"
      >
        Logout
      </button>
    </div>
  </div>
</header>
`;
